[H[2J[3JFri Jun 28 03:58:26 2024

                        ESMATCH            ESMATCH++mac       RoSE3-99           RoSE4-99           RoSE5-99           S2MATCH            SEMA               SEMBLEU            SMATCH             SMATCH++mac        
                        WWLK-k3e2n         WWLK-theta         
----------------------------------------------------------------------------------------------------------------------------------------------------------------------------------------------------------------------
EQ__CPU Sec/ITEM        0.0093[0;93msec [37m[   0s] [0m 0.0284[0;93msec [37m[   0s] [0m 0.0047[0;93msec [37m[   0s] [0m 0.0035[0;93msec [37m[   0s] [0m 0.0035[0;93msec [37m[   0s] [0m 0.0165[0;93msec [37m[   0s] [0m 0.0003[0;93msec [37m[   0s] [0m 0.0004[0;93msec [37m[   0s] [0m 0.0083[0;93msec [37m[   0s] [0m 0.0299[0;93msec [37m[   0s] [0m 
                        0.0673[0;93msec [37m[   0s] [0m [1;96m0.0930[0;93msec [37m[   0s] [0m [0m
EQ__MAX(s)              1.0000[0;93m    [37m[   0s] [0m 1.0000[0;93m    [37m[   0s] [0m 1.0000[0;93m    [37m[   0s] [0m 1.0000[0;93m    [37m[   0s] [0m 1.0000[0;93m    [37m[   0s] [0m 1.0000[0;93m    [37m[   0s] [0m 1.0345[0;93m    [37m[   0s] [0m 1.0000[0;93m    [37m[   0s] [0m [1;96m1.2917[0;93m    [37m[   0s] [0m 1.0000[0;93m    [37m[   0s] [0m 
                        1.0000[0;93m    [37m[   0s] [0m 1.0000[0;93m    [37m[   0s] [0m [0m
EQ__MIN(s)              0.7500[0;93m    [37m[   0s] [0m 0.9750[0;93m    [37m[   0s] [0m [1;96m1.0000[0;93m    [37m[   0s] [0m [1;96m1.0000[0;93m    [37m[   0s] [0m [1;96m1.0000[0;93m    [37m[   0s] [0m 0.3710[0;93m    [37m[   0s] [0m 0.0833[0;93m    [37m[   0s] [0m 0.0249[0;93m    [37m[   0s] [0m 0.3714[0;93m    [37m[   0s] [0m 0.5000[0;93m    [37m[   0s] [0m 
                        0.6279[0;93m    [37m[   0s] [0m 0.6688[0;93m    [37m[   0s] [0m [0m
EQ__P(s=1)              0.9917[0;93m    [37m[   0s] [0m 1.0000[0;93m    [37m[   0s] [0m [1;96m1.0000[0;93m    [37m[   0s] [0m [1;96m1.0000[0;93m    [37m[   0s] [0m [1;96m1.0000[0;93m    [37m[   0s] [0m 0.5577[0;93m    [37m[   0s] [0m 0.6151[0;93m    [37m[   0s] [0m 0.6475[0;93m    [37m[   0s] [0m 0.4811[0;93m    [37m[   0s] [0m 0.7825[0;93m    [37m[   0s] [0m 
                        0.6475[0;93m    [37m[   0s] [0m 0.6476[0;93m    [37m[   0s] [0m [0m
......................................................................................................................................................................................................................
NE__CPU Sec/ITEM        0.0092[0;93msec [37m[   0s] [0m 0.0285[0;93msec [37m[   0s] [0m 0.0187[0;93msec [37m[   0s] [0m 0.0033[0;93msec [37m[   0s] [0m 0.0034[0;93msec [37m[   0s] [0m 0.0151[0;93msec [37m[   0s] [0m 0.0003[0;93msec [37m[   0s] [0m 0.0004[0;93msec [37m[   0s] [0m 0.0078[0;93msec [37m[   0s] [0m 0.0299[0;93msec [37m[   0s] [0m 
                        0.0642[0;93msec [37m[   0s] [0m [1;96m0.0915[0;93msec [37m[   0s] [0m [0m
NE__MAX(s)              1.0000[0;93m    [37m[   0s] [0m 0.9977[0;93m    [37m[   0s] [0m 0.9533[0;93m    [37m[   0s] [0m 0.9252[0;93m    [37m[   0s] [0m 0.9019[0;93m    [37m[   0s] [0m 1.0000[0;93m    [37m[   0s] [0m [1;96m1.1034[0;93m    [37m[   0s] [0m 1.0000[0;93m    [37m[   0s] [0m 1.0000[0;93m    [37m[   0s] [0m 0.9977[0;93m    [37m[   0s] [0m 
                        1.0000[0;93m    [37m[   0s] [0m 1.0000[0;93m    [37m[   0s] [0m [0m
NE__MIN(s)              0.1000[0;93m    [37m[   0s] [0m 0.1667[0;93m    [37m[   0s] [0m 0.0000[0;93m    [37m[   0s] [0m 0.0000[0;93m    [37m[   0s] [0m 0.0000[0;93m    [37m[   0s] [0m 0.3080[0;93m    [37m[   0s] [0m 0.0000[0;93m    [37m[   0s] [0m 0.0293[0;93m    [37m[   0s] [0m 0.3077[0;93m    [37m[   0s] [0m 0.3077[0;93m    [37m[   0s] [0m 
                        0.5406[0;93m    [37m[   0s] [0m [1;96m0.5661[0;93m    [37m[   0s] [0m [0m
NE__P(s=1)              0.0000[0;93m    [37m[   0s] [0m 0.0000[0;93m    [37m[   0s] [0m 0.0000[0;93m    [37m[   0s] [0m 0.0000[0;93m    [37m[   0s] [0m 0.0000[0;93m    [37m[   0s] [0m 0.0005[0;93m    [37m[   0s] [0m 0.0063[0;93m    [37m[   0s] [0m 0.0065[0;93m    [37m[   0s] [0m 0.0001[0;93m    [37m[   0s] [0m 0.0000[0;93m    [37m[   0s] [0m 
                        0.0000[0;93m    [37m[   0s] [0m [1;96m0.0407[0;93m    [37m[   0s] [0m [0m
......................................................................................................................................................................................................................
OR__CPU Sec/ITEM        0.0093[0;93msec [37m[   0s] [0m 0.0289[0;93msec [37m[   0s] [0m 0.0057[0;93msec [37m[   0s] [0m 0.0033[0;93msec [37m[   0s] [0m 0.0035[0;93msec [37m[   0s] [0m 0.0148[0;93msec [37m[   0s] [0m 0.0003[0;93msec [37m[   0s] [0m 0.0003[0;93msec [37m[   0s] [0m 0.0079[0;93msec [37m[   0s] [0m 0.0300[0;93msec [37m[   0s] [0m 
                        0.0618[0;93msec [37m[   0s] [0m [1;96m0.0889[0;93msec [37m[   0s] [0m [0m
OR__MAX(s)              [1;96m1.0000[0;93m    [37m[   0s] [0m [1;96m1.0000[0;93m    [37m[   0s] [0m [1;96m1.0000[0;93m    [37m[   0s] [0m [1;96m1.0000[0;93m    [37m[   0s] [0m [1;96m1.0000[0;93m    [37m[   0s] [0m [1;96m1.0000[0;93m    [37m[   0s] [0m [1;96m1.0000[0;93m    [37m[   0s] [0m [1;96m1.0000[0;93m    [37m[   0s] [0m [1;96m1.0000[0;93m    [37m[   0s] [0m [1;96m1.0000[0;93m    [37m[   0s] [0m 
                        [1;96m1.0000[0;93m    [37m[   0s] [0m [1;96m1.0000[0;93m    [37m[   0s] [0m [0m
OR__MIN(s)              0.8824[0;93m    [37m[   0s] [0m [1;96m1.0000[0;93m    [37m[   0s] [0m [1;96m1.0000[0;93m    [37m[   0s] [0m [1;96m1.0000[0;93m    [37m[   0s] [0m [1;96m1.0000[0;93m    [37m[   0s] [0m [1;96m1.0000[0;93m    [37m[   0s] [0m 0.8333[0;93m    [37m[   0s] [0m [1;96m1.0000[0;93m    [37m[   0s] [0m 0.9346[0;93m    [37m[   0s] [0m [1;96m1.0000[0;93m    [37m[   0s] [0m 
                        [1;96m1.0000[0;93m    [37m[   0s] [0m [1;96m1.0000[0;93m    [37m[   0s] [0m [0m
OR__P(s=1)              0.9998[0;93m    [37m[   0s] [0m [1;96m1.0000[0;93m    [37m[   0s] [0m [1;96m1.0000[0;93m    [37m[   0s] [0m [1;96m1.0000[0;93m    [37m[   0s] [0m [1;96m1.0000[0;93m    [37m[   0s] [0m [1;96m1.0000[0;93m    [37m[   0s] [0m 0.9798[0;93m    [37m[   0s] [0m [1;96m1.0000[0;93m    [37m[   0s] [0m 0.9998[0;93m    [37m[   0s] [0m [1;96m1.0000[0;93m    [37m[   0s] [0m 
                        [1;96m1.0000[0;93m    [37m[   0s] [0m [1;96m1.0000[0;93m    [37m[   0s] [0m [0m
......................................................................................................................................................................................................................
V2__CPU Sec/ITEM        0.0227[0;93msec [37m[   0s] [0m 0.0455[0;93msec [37m[   0s] [0m 0.0056[0;93msec [37m[   0s] [0m 0.0057[0;93msec [37m[   0s] [0m 0.0057[0;93msec [37m[   0s] [0m 0.0405[0;93msec [37m[   0s] [0m 0.0004[0;93msec [37m[   0s] [0m 0.0004[0;93msec [37m[   0s] [0m 0.0212[0;93msec [37m[   0s] [0m 0.0435[0;93msec [37m[   0s] [0m 
                        0.0883[0;93msec [37m[   0s] [0m [1;96m1.2972[0;93msec [37m[   0s] [0m [0m
V2__MAX(s)              1.0000[0;93m    [37m[   0s] [0m 1.0000[0;93m    [37m[   0s] [0m 1.0000[0;93m    [37m[   0s] [0m 1.0000[0;93m    [37m[   0s] [0m 1.0000[0;93m    [37m[   0s] [0m 1.0000[0;93m    [37m[   0s] [0m [1;96m1.0625[0;93m    [37m[   0s] [0m 1.0000[0;93m    [37m[   0s] [0m 1.0000[0;93m    [37m[   0s] [0m 1.0000[0;93m    [37m[   0s] [0m 
                        1.0000[0;93m    [37m[   0s] [0m 1.0000[0;93m    [37m[   0s] [0m [0m
V2__MIN(s)              0.1538[0;93m    [37m[   0s] [0m 0.0000[0;93m    [37m[   0s] [0m 0.0000[0;93m    [37m[   0s] [0m 0.0000[0;93m    [37m[   0s] [0m 0.0000[0;93m    [37m[   0s] [0m 0.0000[0;93m    [37m[   0s] [0m 0.0000[0;93m    [37m[   0s] [0m 0.0000[0;93m    [37m[   0s] [0m 0.1538[0;93m    [37m[   0s] [0m 0.0000[0;93m    [37m[   0s] [0m 
                        [1;96m0.2853[0;93m    [37m[   0s] [0m 0.2669[0;93m    [37m[   0s] [0m [0m
V2__P(s=1)              0.1447[0;93m    [37m[   0s] [0m 0.1450[0;93m    [37m[   0s] [0m [1;96m0.1825[0;93m    [37m[   0s] [0m [1;96m0.1825[0;93m    [37m[   0s] [0m [1;96m0.1825[0;93m    [37m[   0s] [0m 0.1405[0;93m    [37m[   0s] [0m 0.1447[0;93m    [37m[   0s] [0m 0.0934[0;93m    [37m[   0s] [0m 0.1407[0;93m    [37m[   0s] [0m 0.1410[0;93m    [37m[   0s] [0m 
                        0.1539[0;93m    [37m[   0s] [0m 0.1686[0;93m    [37m[   0s] [0m [0m
......................................................................................................................................................................................................................
V3__CPU Sec/ITEM        0.0194[0;93msec [37m[   0s] [0m 0.0383[0;93msec [37m[   0s] [0m 0.0049[0;93msec [37m[   0s] [0m 0.0050[0;93msec [37m[   0s] [0m 0.0049[0;93msec [37m[   0s] [0m 0.0350[0;93msec [37m[   0s] [0m 0.0004[0;93msec [37m[   0s] [0m 0.0004[0;93msec [37m[   0s] [0m 0.0182[0;93msec [37m[   0s] [0m 0.0389[0;93msec [37m[   0s] [0m 
                        0.0835[0;93msec [37m[   0s] [0m [1;96m1.0005[0;93msec [37m[   0s] [0m [0m
V3__MAX(s)              1.0000[0;93m    [37m[   0s] [0m 1.0000[0;93m    [37m[   0s] [0m 1.0000[0;93m    [37m[   0s] [0m 1.0000[0;93m    [37m[   0s] [0m 1.0000[0;93m    [37m[   0s] [0m 1.0000[0;93m    [37m[   0s] [0m [1;96m1.0732[0;93m    [37m[   0s] [0m 1.0000[0;93m    [37m[   0s] [0m 1.0000[0;93m    [37m[   0s] [0m 1.0000[0;93m    [37m[   0s] [0m 
                        1.0000[0;93m    [37m[   0s] [0m 1.0000[0;93m    [37m[   0s] [0m [0m
V3__MIN(s)              0.1053[0;93m    [37m[   0s] [0m 0.0000[0;93m    [37m[   0s] [0m 0.0000[0;93m    [37m[   0s] [0m 0.0000[0;93m    [37m[   0s] [0m 0.0000[0;93m    [37m[   0s] [0m 0.0000[0;93m    [37m[   0s] [0m 0.0000[0;93m    [37m[   0s] [0m 0.0000[0;93m    [37m[   0s] [0m 0.1333[0;93m    [37m[   0s] [0m 0.0000[0;93m    [37m[   0s] [0m 
                        [1;96m0.3757[0;93m    [37m[   0s] [0m 0.3197[0;93m    [37m[   0s] [0m [0m
V3__P(s=1)              0.1726[0;93m    [37m[   0s] [0m 0.1727[0;93m    [37m[   0s] [0m [1;96m0.2050[0;93m    [37m[   0s] [0m [1;96m0.2050[0;93m    [37m[   0s] [0m [1;96m0.2050[0;93m    [37m[   0s] [0m 0.1688[0;93m    [37m[   0s] [0m 0.1721[0;93m    [37m[   0s] [0m 0.1621[0;93m    [37m[   0s] [0m 0.1689[0;93m    [37m[   0s] [0m 0.1689[0;93m    [37m[   0s] [0m 
                        0.1829[0;93m    [37m[   0s] [0m 0.1956[0;93m    [37m[   0s] [0m [0m
......................................................................................................................................................................................................................
eq_dereify              [1;96m1.0000[0;93m*** [37m[<.000] [0m [1;96m1.0000[0;93m*** [37m[<.000] [0m [1;96m1.0000[0;93m*** [37m[<.000] [0m [1;96m1.0000[0;93m*** [37m[<.000] [0m [1;96m1.0000[0;93m*** [37m[<.000] [0m 0.9882[0;93m    [37m[>.999] [0m 0.9900[0;93m    [37m[>.999] [0m 0.9756[0;93m    [37m[>.999] [0m 0.9882[0;93m    [37m[>.999] [0m 0.9897[0;93m    [37m[>.999] [0m 
                        0.9936[0;93m    [37m[>.999] [0m 0.9937[0;93m    [37m[>.999] [0m [0m
eq_duplicate            1.0000[0;93m*** [37m[<.000] [0m 1.0000[0;93m*** [37m[<.000] [0m 1.0000[0;93m*** [37m[<.000] [0m 1.0000[0;93m*** [37m[<.000] [0m 1.0000[0;93m*** [37m[<.000] [0m 0.9857[0;93m    [37m[>.999] [0m 0.7800[0;93m    [37m[>.999] [0m 0.4700[0;93m    [37m[>.999] [0m [1;96m1.2117[0;93m    [37m[>.999] [0m 1.0000[0;93m*   [37m[.0108] [0m 
                        0.9365[0;93m    [37m[>.999] [0m 0.9196[0;93m    [37m[>.999] [0m [0m
eq_new_root             0.9983[0;93m    [37m[>.999] [0m [1;96m1.0000[0;93m*** [37m[<.000] [0m [1;96m1.0000[0;93m*** [37m[<.000] [0m [1;96m1.0000[0;93m*** [37m[<.000] [0m [1;96m1.0000[0;93m*** [37m[<.000] [0m 0.9635[0;93m    [37m[>.999] [0m 0.9900[0;93m    [37m[>.999] [0m 0.9997[0;93m    [37m[>.999] [0m 0.9607[0;93m    [37m[>.999] [0m 0.9491[0;93m    [37m[>.999] [0m 
                        [1;96m1.0000[0;93m    [37m[>.999] [0m [1;96m1.0000[0;93m    [37m[>.999] [0m [0m
eq_reify                0.9999[0;93m    [37m[.9919] [0m [1;96m1.0000[0;93m*** [37m[<.000] [0m [1;96m1.0000[0;93m*** [37m[<.000] [0m [1;96m1.0000[0;93m*** [37m[<.000] [0m [1;96m1.0000[0;93m*** [37m[<.000] [0m 0.7487[0;93m    [37m[>.999] [0m 0.6600[0;93m    [37m[>.999] [0m 0.6133[0;93m    [37m[>.999] [0m 0.7489[0;93m    [37m[>.999] [0m 0.9892[0;93m    [37m[>.999] [0m 
                        0.8634[0;93m    [37m[>.999] [0m 0.8918[0;93m    [37m[>.999] [0m [0m
eq_relabel              0.9999[0;93m    [37m[.9222] [0m [1;96m1.0000[0;93m*** [37m[<.000] [0m [1;96m1.0000[0;93m*** [37m[<.000] [0m [1;96m1.0000[0;93m*** [37m[<.000] [0m [1;96m1.0000[0;93m*** [37m[<.000] [0m 0.9988[0;93m    [37m[>.999] [0m [1;96m1.0000[0;93m    [37m[>.999] [0m [1;96m1.0000[0;93m*   [37m[.0108] [0m 0.9999[0;93m    [37m[.1047] [0m [1;96m1.0000[0;93m*** [37m[<.000] [0m 
                        [1;96m1.0000[0;93m*** [37m[<.000] [0m [1;96m1.0000[0;93m*** [37m[<.000] [0m [0m
eq_reorder              0.9995[0;93m    [37m[>.999] [0m [1;96m1.0000[0;93m*** [37m[<.000] [0m [1;96m1.0000[0;93m*** [37m[<.000] [0m [1;96m1.0000[0;93m*** [37m[<.000] [0m [1;96m1.0000[0;93m*** [37m[<.000] [0m 0.9985[0;93m    [37m[>.999] [0m [1;96m1.0000[0;93m    [37m[>.999] [0m [1;96m1.0000[0;93m*** [37m[<.000] [0m 0.9999[0;93m    [37m[.9476] [0m [1;96m1.0000[0;93m*   [37m[.0108] [0m 
                        [1;96m1.0000[0;93m*** [37m[<.000] [0m [1;96m1.0000[0;93m*** [37m[<.000] [0m [0m
......................................................................................................................................................................................................................
ne_change_edge          0.9617[0;93m*** [37m[<.000] [0m 0.9487[0;93m*** [37m[<.000] [0m 0.2723[0;93m*** [37m[<.000] [0m 0.1379[0;93m*** [37m[<.000] [0m 0.0659[0;93m*** [37m[<.000] [0m 0.9644[0;93m    [37m[.9985] [0m 0.9500[0;93m    [37m[>.999] [0m 0.9344[0;93m*** [37m[<.000] [0m 0.9654[0;93m*** [37m[<.000] [0m 0.9518[0;93m*** [37m[<.000] [0m 
                        0.9678[0;93m*** [37m[<.000] [0m [1;96m0.9963[0;93m    [37m[>.999] [0m [0m
ne_change_node          0.9613[0;93m*** [37m[<.000] [0m 0.9439[0;93m*** [37m[<.000] [0m 0.2294[0;93m*** [37m[<.000] [0m 0.1217[0;93m*** [37m[<.000] [0m 0.0606[0;93m*** [37m[<.000] [0m 0.9610[0;93m*** [37m[<.000] [0m 0.8900[0;93m    [37m[>.999] [0m 0.8711[0;93m*** [37m[<.000] [0m [1;96m0.9654[0;93m*** [37m[<.000] [0m 0.9456[0;93m*** [37m[<.000] [0m 
                        0.9512[0;93m*** [37m[<.000] [0m 0.9401[0;93m*** [37m[<.000] [0m [0m
ne_delete_edge          0.9095[0;93m*** [37m[<.000] [0m 0.9073[0;93m*** [37m[<.000] [0m 0.1537[0;93m*** [37m[<.000] [0m 0.0701[0;93m*** [37m[<.000] [0m 0.0305[0;93m*** [37m[<.000] [0m 0.9492[0;93m    [37m[.9476] [0m 0.9300[0;93m*** [37m[<.000] [0m 0.9297[0;93m*** [37m[<.000] [0m 0.9482[0;93m*** [37m[<.000] [0m 0.9268[0;93m*** [37m[<.000] [0m 
                        0.9462[0;93m*** [37m[<.000] [0m [1;96m0.9541[0;93m*** [37m[<.000] [0m [0m
ne_delete_node          0.9175[0;93m*** [37m[<.000] [0m 0.9055[0;93m*** [37m[<.000] [0m 0.2972[0;93m*** [37m[<.000] [0m 0.1742[0;93m*** [37m[<.000] [0m 0.0948[0;93m*** [37m[<.000] [0m [1;96m0.9452[0;93m*** [37m[<.000] [0m 0.9400[0;93m    [37m[>.999] [0m 0.9078[0;93m*** [37m[<.000] [0m 0.9441[0;93m*   [37m[.0213] [0m 0.9175[0;93m*** [37m[<.000] [0m 
                        0.9330[0;93m*** [37m[<.000] [0m 0.9399[0;93m*** [37m[<.000] [0m [0m
ne_insert_edge          0.9543[0;93m*** [37m[<.000] [0m 0.9643[0;93m*** [37m[<.000] [0m 0.2152[0;93m*** [37m[<.000] [0m 0.0993[0;93m*** [37m[<.000] [0m 0.0430[0;93m*** [37m[<.000] [0m 0.9799[0;93m*** [37m[<.000] [0m 0.9800[0;93m*** [37m[<.000] [0m 0.9311[0;93m    [37m[>.999] [0m 0.9829[0;93m*** [37m[<.000] [0m 0.9766[0;93m*** [37m[<.000] [0m 
                        0.9699[0;93m*** [37m[<.000] [0m [1;96m0.9957[0;93m*** [37m[<.000] [0m [0m
ne_insert_node          0.9536[0;93m*** [37m[<.000] [0m 0.9551[0;93m*** [37m[<.000] [0m 0.3537[0;93m*** [37m[<.000] [0m 0.1960[0;93m*** [37m[<.000] [0m 0.1012[0;93m*** [37m[<.000] [0m 0.9733[0;93m*** [37m[<.000] [0m 0.9700[0;93m*** [37m[<.000] [0m 0.9346[0;93m*** [37m[<.000] [0m [1;96m0.9747[0;93m*** [37m[<.000] [0m 0.9657[0;93m*** [37m[<.000] [0m 
                        0.9436[0;93m*** [37m[<.000] [0m 0.9547[0;93m*** [37m[<.000] [0m [0m
ne_swap                 0.8949[0;93m*** [37m[<.000] [0m 0.8729[0;93m*** [37m[<.000] [0m 0.0871[0;93m*** [37m[<.000] [0m 0.0354[0;93m*** [37m[<.000] [0m 0.0140[0;93m*** [37m[<.000] [0m 0.9179[0;93m*** [37m[<.000] [0m 0.8800[0;93m    [37m[>.999] [0m 0.8518[0;93m    [37m[.9973] [0m 0.9177[0;93m*** [37m[<.000] [0m 0.8837[0;93m*** [37m[<.000] [0m 
                        [1;96m0.9542[0;93m*** [37m[<.000] [0m 0.9472[0;93m*** [37m[<.000] [0m [0m
......................................................................................................................................................................................................................
original                [1;96m1.0000[0;93m*** [37m[<.000] [0m [1;96m1.0000[0;93m*** [37m[<.000] [0m [1;96m1.0000[0;93m*** [37m[<.000] [0m [1;96m1.0000[0;93m*** [37m[<.000] [0m [1;96m1.0000[0;93m*** [37m[<.000] [0m [1;96m1.0000[0;93m*** [37m[<.000] [0m [1;96m1.0000[0;93m    [37m[>.999] [0m [1;96m1.0000[0;93m*** [37m[<.000] [0m [1;96m1.0000[0;93m*** [37m[<.000] [0m [1;96m1.0000[0;93m*** [37m[<.000] [0m 
                        [1;96m1.0000[0;93m*** [37m[<.000] [0m [1;96m1.0000[0;93m*** [37m[<.000] [0m [0m
......................................................................................................................................................................................................................
v2.0_AMRBART-v2-2.0     0.8369[0;93m    [37m[  31s] [0m 0.8549[0;93m    [37m[  53s] [0m 0.2678[0;93m    [37m[   8s] [0m 0.2230[0;93m    [37m[   8s] [0m 0.2032[0;93m    [37m[   8s] [0m 0.8632[0;93m    [37m[  54s] [0m 0.8000[0;93m    [37m[   1s] [0m                    0.8549[0;93m    [37m[  29s] [0m 0.8591[0;93m    [37m[  53s] [0m 
                        0.9348[0;93m    [37m[ 123s] [0m [1;96m0.9387[0;93m    [37m[1769s] [0m [0m
v2.0_AMRBART_2.0        0.8380[0;93m    [37m[  28s] [0m 0.8566[0;93m    [37m[  91s] [0m 0.2683[0;93m    [37m[   8s] [0m 0.2225[0;93m    [37m[   8s] [0m 0.2021[0;93m    [37m[   8s] [0m 0.8639[0;93m    [37m[  47s] [0m 0.8000[0;93m    [37m[   1s] [0m                    0.8559[0;93m    [37m[  25s] [0m 0.8608[0;93m    [37m[  72s] [0m 
                        0.9362[0;93m    [37m[ 120s] [0m [1;96m0.9488[0;93m    [37m[1761s] [0m [0m
v2.0_ATP_SRL_D_AMR2.... 0.8331[0;93m    [37m[  32s] [0m 0.8521[0;93m    [37m[  53s] [0m 0.2571[0;93m    [37m[   8s] [0m 0.2127[0;93m    [37m[   8s] [0m 0.1935[0;93m    [37m[   8s] [0m 0.8598[0;93m    [37m[  59s] [0m 0.7900[0;93m    [37m[   1s] [0m                    0.8508[0;93m    [37m[  32s] [0m 0.8563[0;93m    [37m[  53s] [0m 
                        0.9339[0;93m    [37m[ 122s] [0m [1;96m0.9392[0;93m    [37m[1785s] [0m [0m
v2.0_MBSE_AMR2_ENS      0.8208[0;93m    [37m[  32s] [0m 0.8394[0;93m    [37m[  55s] [0m 0.2664[0;93m    [37m[   8s] [0m 0.2215[0;93m    [37m[   8s] [0m 0.2014[0;93m    [37m[   8s] [0m 0.8493[0;93m    [37m[  61s] [0m 0.7900[0;93m    [37m[   0s] [0m 0.6883[0;93m    [37m[   1s] [0m 0.8410[0;93m    [37m[  32s] [0m 0.8460[0;93m    [37m[  55s] [0m 
                        0.9070[0;93m    [37m[ 119s] [0m [1;96m0.9183[0;93m    [37m[1800s] [0m [0m
v2.0_SPRING_AMR_2.0     0.8198[0;93m    [37m[  31s] [0m 0.8420[0;93m    [37m[  69s] [0m 0.2451[0;93m    [37m[   8s] [0m 0.2037[0;93m    [37m[   8s] [0m 0.1860[0;93m    [37m[   8s] [0m 0.8479[0;93m    [37m[  50s] [0m 0.7800[0;93m    [37m[   1s] [0m                    0.8383[0;93m    [37m[  26s] [0m 0.8460[0;93m    [37m[  71s] [0m 
                        0.9297[0;93m    [37m[ 122s] [0m [1;96m0.9318[0;93m    [37m[1775s] [0m [0m
v2.0_structured_AMR2    0.8020[0;93m    [37m[  32s] [0m 0.8242[0;93m    [37m[  53s] [0m 0.2361[0;93m    [37m[   8s] [0m 0.1956[0;93m    [37m[   8s] [0m 0.1774[0;93m    [37m[   8s] [0m 0.8327[0;93m    [37m[  61s] [0m 0.7600[0;93m    [37m[   0s] [0m 0.6649[0;93m    [37m[   1s] [0m 0.8231[0;93m    [37m[  30s] [0m 0.8307[0;93m    [37m[  53s] [0m 
                        0.8992[0;93m    [37m[ 120s] [0m [1;96m0.9191[0;93m    [37m[1781s] [0m [0m
......................................................................................................................................................................................................................
v3.0_AMRBART-v2-3.0     0.8264[0;93m    [37m[  36s] [0m 0.8535[0;93m    [37m[  67s] [0m 0.2902[0;93m    [37m[   9s] [0m 0.2519[0;93m    [37m[   9s] [0m 0.2355[0;93m    [37m[  10s] [0m 0.8535[0;93m    [37m[  66s] [0m 0.7800[0;93m    [37m[   1s] [0m 0.7243[0;93m    [37m[   1s] [0m 0.8439[0;93m    [37m[  34s] [0m 0.8576[0;93m    [37m[  67s] [0m 
                        0.9355[0;93m    [37m[ 159s] [0m [1;96m0.9396[0;93m    [37m[1820s] [0m [0m
v3.0_AMRBART_3.0        0.8254[0;93m    [37m[  34s] [0m 0.8443[0;93m    [37m[  89s] [0m 0.2758[0;93m    [37m[   9s] [0m 0.2366[0;93m    [37m[  10s] [0m 0.2204[0;93m    [37m[  10s] [0m 0.8516[0;93m    [37m[  58s] [0m 0.7800[0;93m    [37m[   1s] [0m 0.7237[0;93m    [37m[   1s] [0m 0.8429[0;93m    [37m[  31s] [0m 0.8481[0;93m    [37m[  92s] [0m 
                        0.9297[0;93m    [37m[ 158s] [0m [1;96m0.9368[0;93m    [37m[1869s] [0m [0m
v3.0_ATP_SRL_AMR3.0_... 0.8196[0;93m    [37m[  38s] [0m 0.8479[0;93m    [37m[  71s] [0m 0.2791[0;93m    [37m[   9s] [0m 0.2422[0;93m    [37m[  10s] [0m 0.2263[0;93m    [37m[  10s] [0m 0.8473[0;93m    [37m[  70s] [0m 0.7700[0;93m    [37m[   1s] [0m                    0.8380[0;93m    [37m[  36s] [0m 0.8520[0;93m    [37m[  72s] [0m 
                        0.9347[0;93m    [37m[ 164s] [0m [1;96m0.9473[0;93m    [37m[1865s] [0m [0m
v3.0_MBSE_AMR3_ENS      0.8081[0;93m    [37m[  38s] [0m 0.8332[0;93m    [37m[  69s] [0m 0.2752[0;93m    [37m[   9s] [0m 0.2364[0;93m    [37m[   9s] [0m 0.2187[0;93m    [37m[  10s] [0m 0.8374[0;93m    [37m[  70s] [0m 0.7700[0;93m    [37m[   1s] [0m 0.6662[0;93m    [37m[   1s] [0m 0.8284[0;93m    [37m[  35s] [0m 0.8391[0;93m    [37m[  71s] [0m 
                        0.9073[0;93m    [37m[ 155s] [0m [1;96m0.9191[0;93m    [37m[1935s] [0m [0m
v3.0_SPRING_AMR_3.0     0.8104[0;93m    [37m[  36s] [0m 0.8303[0;93m    [37m[  67s] [0m 0.2546[0;93m    [37m[   9s] [0m 0.2188[0;93m    [37m[  10s] [0m 0.2041[0;93m    [37m[  10s] [0m 0.8386[0;93m    [37m[  63s] [0m 0.7600[0;93m    [37m[   1s] [0m                    0.8290[0;93m    [37m[  34s] [0m 0.8347[0;93m    [37m[  69s] [0m 
                        0.9238[0;93m    [37m[ 158s] [0m [1;96m0.9352[0;93m    [37m[1939s] [0m [0m
v3.0_structured_AMR3    0.7922[0;93m    [37m[  39s] [0m 0.8074[0;93m    [37m[  73s] [0m 0.2352[0;93m    [37m[   9s] [0m 0.1985[0;93m    [37m[   9s] [0m 0.1824[0;93m    [37m[   8s] [0m 0.8241[0;93m    [37m[  72s] [0m 0.7500[0;93m    [37m[   1s] [0m 0.6549[0;93m    [37m[   1s] [0m 0.8148[0;93m    [37m[  37s] [0m 0.8144[0;93m    [37m[  72s] [0m 
                        0.8942[0;93m    [37m[ 157s] [0m [1;96m0.9014[0;93m    [37m[1965s] [0m [0m
Fri Jun 28 03:59:26 2024

                        ESMATCH            ESMATCH++mac       RoSE3-99           RoSE4-99           RoSE5-99           S2MATCH            SEMA               SMATCH             SMATCH++mac        WWLK-k3e2n         
----------------------------------------------------------------------------------------------------------------------------------------------------------------------------------------------------------------------
ESMATCH                                    [1;96m0.9820[0;93m*** [37m[<.000] [0m 0.7809[0;93m*** [37m[<.000] [0m 0.7429[0;93m*** [37m[<.000] [0m 0.7133[0;93m*** [37m[<.000] [0m 0.9551[0;93m*** [37m[<.000] [0m 0.8913[0;93m*** [37m[<.000] [0m 0.9603[0;93m*** [37m[<.000] [0m 0.9590[0;93m*** [37m[<.000] [0m 0.8510[0;93m*** [37m[<.000] [0m [0m
ESMATCH++mac                                                  0.7769[0;93m*** [37m[<.000] [0m 0.7413[0;93m*** [37m[<.000] [0m 0.7118[0;93m*** [37m[<.000] [0m 0.9704[0;93m*** [37m[<.000] [0m 0.9171[0;93m*** [37m[<.000] [0m 0.9776[0;93m*** [37m[<.000] [0m [1;96m0.9783[0;93m*** [37m[<.000] [0m 0.8622[0;93m*** [37m[<.000] [0m [0m
......................................................................................................................................................................................................................
RoSE3-99                                                                         [1;96m0.9017[0;93m*** [37m[<.000] [0m 0.8156[0;93m*** [37m[<.000] [0m 0.7658[0;93m*** [37m[<.000] [0m 0.7864[0;93m*** [37m[<.000] [0m 0.7725[0;93m*** [37m[<.000] [0m 0.7752[0;93m*** [37m[<.000] [0m 0.6649[0;93m*** [37m[<.000] [0m [0m
RoSE4-99                                                                                            [1;96m0.8979[0;93m*** [37m[<.000] [0m 0.7332[0;93m*** [37m[<.000] [0m 0.7474[0;93m*** [37m[<.000] [0m 0.7410[0;93m*** [37m[<.000] [0m 0.7418[0;93m*** [37m[<.000] [0m 0.6344[0;93m*** [37m[<.000] [0m [0m
RoSE5-99                                                                                                               0.7060[0;93m*** [37m[<.000] [0m [1;96m0.7169[0;93m*** [37m[<.000] [0m 0.7129[0;93m*** [37m[<.000] [0m 0.7129[0;93m*** [37m[<.000] [0m 0.6183[0;93m*** [37m[<.000] [0m [0m
......................................................................................................................................................................................................................
S2MATCH                                                                                                                                   0.8966[0;93m*** [37m[<.000] [0m 0.9915[0;93m*** [37m[<.000] [0m [1;96m0.9919[0;93m*** [37m[<.000] [0m 0.8698[0;93m*** [37m[<.000] [0m [0m
......................................................................................................................................................................................................................
SEMA                                                                                                                                                         0.9185[0;93m*** [37m[<.000] [0m [1;96m0.9207[0;93m*** [37m[<.000] [0m 0.8121[0;93m*** [37m[<.000] [0m [0m
......................................................................................................................................................................................................................
SMATCH                                                                                                                                                                          [1;96m0.9968[0;93m*** [37m[<.000] [0m 0.8677[0;93m*** [37m[<.000] [0m [0m
SMATCH++mac                                                                                                                                                                                        [1;96m0.8643[0;93m*** [37m[<.000] [0m [0m
......................................................................................................................................................................................................................
WWLK-k3e2n                                                                                                                                                                                                            [0m
